// Jest Snapshot v1, https://goo.gl/fbAQLP

exports[`route query is able to get routes 1`] = `
Object {
  "data": Object {
    "routes": Array [
      Object {
        "_id": "1",
        "grade": "B1",
        "lat": "0023.023.23",
        "lng": "2100.103.90",
      },
    ],
  },
  "errors": undefined,
  "extensions": undefined,
  "http": Object {
    "headers": Headers {
      Symbol(map): Object {},
    },
  },
}
`;
